// Jest Snapshot v1, https://goo.gl/fbAQLP

exports[`Mask renders 1`] = `
<div
  style={
    Object {
      "borderRadius": "50%",
      "height": "auto",
      "overflow": "hidden",
      "position": "relative",
      "width": "auto",
    }
  }
>
  <img
    alt="alt"
    src="src"
  />
</div>
`;
