// Jest Snapshot v1, https://goo.gl/fbAQLP

exports[`Text renders 1`] = `
<p>
  Sample text
</p>
`;
